// Jest Snapshot v1, https://goo.gl/fbAQLP

exports[`should render LoginPage correctly 1`] = `
<div
  className="centered-layout"
>
  <div
    className="centered-layout__box"
  >
    <h1
      className="centered-layout__title"
    >
      Expense Tracker
    </h1>
    <button
      className="button"
    >
      Login
    </button>
  </div>
</div>
`;
